"plus: "
7
"wait for one second: "
"minus:"
239725
helloworldtesting