#<procedure:make-swf>
#<procedure:swf?>
#<procedure:swf-f>
