"plus: "
7
"wait for one second: "
#<undefined>
"minus:"
239725
helloworldtesting