(1 2 3)
("hello" "world")
true
true
false
true
hello
()
world
