""
"some text"
(html (head) (body (p "hello world, this is a test") (div (@ (id "a div")) "some text")))
